
      + CategoryInfo          : NotSpecified: (The NODE_ENV en....local and .env:String) [], RemoteException
      + FullyQualifiedErrorId : NativeCommandError
   
  env: load .env
  env: export EXPO_PUBLIC_SUPABASE_URL EXPO_PUBLIC_SUPABASE_ANON_KEY EXPO_PUBLIC_KAKAO_REST_API_KEY EXPO_PUBLIC_K
AKAO_CLIENT_SECRET
  
  > Task :expo-constants:preBuild
  > Task :expo-constants:preReleaseBuild
  > Task :expo-constants:mergeReleaseJniLibFolders UP-TO-DATE
  > Task :expo-constants:mergeReleaseNativeLibs NO-SOURCE
  > Task :expo-constants:copyReleaseJniLibsProjectOnly UP-TO-DATE
  > Task :expo-constants:checkKotlinGradlePluginConfigurationErrors SKIPPED
  > Task :expo-constants:generateReleaseBuildConfig UP-TO-DATE
  > Task :expo-constants:generateReleaseResValues UP-TO-DATE
  > Task :expo-constants:generateReleaseResources UP-TO-DATE
  > Task :expo-constants:packageReleaseResources UP-TO-DATE
  > Task :expo-constants:parseReleaseLocalResources UP-TO-DATE
  > Task :expo-constants:generateReleaseRFile UP-TO-DATE
  > Task :expo-constants:javaPreCompileRelease UP-TO-DATE
  > Task :expo-constants:writeReleaseAarMetadata UP-TO-DATE
  > Task :expo-constants:extractDeepLinksRelease UP-TO-DATE
  > Task :expo-constants:processReleaseManifest UP-TO-DATE
  > Task :expo-constants:compileReleaseLibraryResources UP-TO-DATE
  > Task :expo-constants:prepareReleaseArtProfile UP-TO-DATE
  > Task :expo-constants:mergeReleaseShaders UP-TO-DATE
  > Task :expo-constants:compileReleaseShaders NO-SOURCE
  > Task :expo-constants:generateReleaseAssets UP-TO-DATE
  > Task :expo-constants:mergeReleaseAssets UP-TO-DATE
  > Task :expo-constants:extractProguardFiles UP-TO-DATE
  > Task :expo-constants:prepareLintJarForPublish UP-TO-DATE
  > Task :expo-constants:stripReleaseDebugSymbols NO-SOURCE
  > Task :expo-constants:copyReleaseJniLibsProjectAndLocalJars UP-TO-DATE
  > Task :expo-constants:extractDeepLinksForAarRelease UP-TO-DATE
  > Task :expo-constants:writeReleaseLintModelMetadata UP-TO-DATE
  > Task :expo-constants:mapReleaseSourceSetPaths UP-TO-DATE
  > Task :expo-constants:mergeReleaseResources UP-TO-DATE
  > Task :expo-constants:verifyReleaseResources UP-TO-DATE
  > Task :react-native-view-shot:lintVitalAnalyzeRelease
  > Task :expo-modules-core:buildCMakeRelWithDebInfo[arm64-v8a]
  > Task :expo-modules-core:configureCMakeRelWithDebInfo[armeabi-v7a]
  > Task :react-native-worklets:buildCMakeRelWithDebInfo[arm64-v8a][worklets]
  > Task :react-native-worklets:configureCMakeRelWithDebInfo[armeabi-v7a]
  > Task :react-native-seoul_kakao-login:lintVitalAnalyzeRelease
  > Task :react-native-google-signin_google-signin:lintVitalAnalyzeRelease
  > Task :expo-modules-core:buildCMakeRelWithDebInfo[armeabi-v7a]
  > Task :expo-modules-core:configureCMakeRelWithDebInfo[x86]
  > Task :react-native-svg:lintVitalAnalyzeRelease
  > Task :react-native-worklets:buildCMakeRelWithDebInfo[armeabi-v7a][worklets]
  > Task :react-native-worklets:configureCMakeRelWithDebInfo[x86]
  
> > Task :app:createBundleReleaseJsAndAssets
  env: load .env
  env: export EXPO_PUBLIC_SUPABASE_URL EXPO_PUBLIC_SUPABASE_ANON_KEY EXPO_PUBLIC_KAKAO_REST_API_KEY EXPO_PUBLIC_K
AKAO_CLIENT_SECRET
  
  > Task :expo-modules-core:buildCMakeRelWithDebInfo[x86]
  > Task :expo-modules-core:configureCMakeRelWithDebInfo[x86_64]
  > Task :react-native-async-storage_async-storage:lintVitalAnalyzeRelease
  > Task :react-native-worklets:buildCMakeRelWithDebInfo[x86][worklets]
  > Task :react-native-worklets:configureCMakeRelWithDebInfo[x86_64]
  > Task :react-native-safe-area-context:lintVitalAnalyzeRelease
  > Task :expo-modules-core:buildCMakeRelWithDebInfo[x86_64]
  > Task :expo-modules-core:mergeReleaseJniLibFolders UP-TO-DATE
  > Task :expo-modules-core:mergeReleaseNativeLibs UP-TO-DATE
  > Task :expo-modules-core:copyReleaseJniLibsProjectOnly UP-TO-DATE
  > Task :expo-modules-core:checkKotlinGradlePluginConfigurationErrors SKIPPED
  > Task :expo-modules-core:generateReleaseBuildConfig UP-TO-DATE
  > Task :expo-modules-core:generateReleaseResValues UP-TO-DATE
  > Task :expo-modules-core:generateReleaseResources UP-TO-DATE
  > Task :react-native-worklets:buildCMakeRelWithDebInfo[x86_64][worklets]
  > Task :expo-modules-core:packageReleaseResources UP-TO-DATE
  > Task :expo-modules-core:parseReleaseLocalResources UP-TO-DATE
  > Task :expo-modules-core:generateReleaseRFile UP-TO-DATE
  > Task :expo:mapReleaseSourceSetPaths UP-TO-DATE
  > Task :expo:mergeReleaseResources UP-TO-DATE
  > Task :expo-modules-core:compileReleaseKotlin UP-TO-DATE
  > Task :expo-modules-core:javaPreCompileRelease UP-TO-DATE
  > Task :expo-modules-core:compileReleaseJavaWithJavac UP-TO-DATE
  > Task :expo-modules-core:bundleLibCompileToJarRelease UP-TO-DATE
  > Task :expo-dev-client:compileReleaseKotlin NO-SOURCE
  > Task :expo-dev-client:compileReleaseJavaWithJavac UP-TO-DATE
  > Task :expo-dev-client:bundleLibCompileToJarRelease UP-TO-DATE
  > Task :expo-dev-client:bundleLibRuntimeToDirRelease UP-TO-DATE
  > Task :expo-dev-client:bundleLibRuntimeToJarRelease UP-TO-DATE
  > Task :expo-dev-client:processReleaseJavaRes NO-SOURCE
  > Task :expo-dev-client:createFullJarRelease UP-TO-DATE
  > Task :expo-dev-client:extractReleaseAnnotations UP-TO-DATE
  > Task :expo-dev-client:mergeReleaseGeneratedProguardFiles UP-TO-DATE
  > Task :expo-dev-client:mergeReleaseConsumerProguardFiles UP-TO-DATE
  > Task :expo-updates-interface:compileReleaseKotlin UP-TO-DATE
  > Task :expo-constants:compileReleaseKotlin UP-TO-DATE
  > Task :expo-json-utils:compileReleaseKotlin UP-TO-DATE
  > Task :expo-dev-client:mergeReleaseJavaResource UP-TO-DATE
  > Task :expo-modules-core:bundleLibRuntimeToDirRelease UP-TO-DATE
  > Task :expo-modules-core:writeReleaseAarMetadata UP-TO-DATE
  > Task :expo-dev-client:syncReleaseLibJars UP-TO-DATE
  > Task :expo-modules-core:extractDeepLinksRelease UP-TO-DATE
  > Task :expo-dev-client:bundleReleaseLocalLintAar UP-TO-DATE
  > Task :expo-modules-core:processReleaseManifest UP-TO-DATE
  > Task :expo-dev-client:bundleReleaseAar UP-TO-DATE
  > Task :expo-dev-client:assembleRelease UP-TO-DATE
  > Task :expo-modules-core:compileReleaseLibraryResources UP-TO-DATE
  > Task :expo-dev-menu-interface:generateReleaseLintModel UP-TO-DATE
  > Task :expo-updates-interface:generateReleaseLintVitalModel UP-TO-DATE
  > Task :expo-constants:generateReleaseLintVitalModel UP-TO-DATE
  > Task :expo-manifests:generateReleaseLintModel UP-TO-DATE
  > Task :expo-dev-menu-interface:bundleReleaseLocalLintAar UP-TO-DATE
  > Task :expo-manifests:syncReleaseLibJars UP-TO-DATE
  > Task :expo-modules-core:extractReleaseAnnotations UP-TO-DATE
  > Task :expo-manifests:bundleReleaseLocalLintAar UP-TO-DATE
  > Task :expo-modules-core:mergeReleaseGeneratedProguardFiles UP-TO-DATE
  > Task :expo-modules-core:mergeReleaseConsumerProguardFiles UP-TO-DATE
  > Task :expo-modules-core:mergeReleaseJavaResource UP-TO-DATE
  > Task :expo-manifests:generateReleaseLintVitalModel UP-TO-DATE
  > Task :expo-dev-menu-interface:generateReleaseLintVitalModel UP-TO-DATE
  > Task :expo-manifests:bundleReleaseAar UP-TO-DATE
  > Task :expo-modules-core:syncReleaseLibJars UP-TO-DATE
  > Task :expo-manifests:assembleRelease UP-TO-DATE
  > Task :expo-dev-menu-interface:bundleReleaseAar UP-TO-DATE
  > Task :expo-dev-menu-interface:assembleRelease UP-TO-DATE
  > Task :expo-modules-core:bundleReleaseLocalLintAar UP-TO-DATE
  > Task :expo-modules-core:writeReleaseLintModelMetadata UP-TO-DATE
  > Task :expo-dev-menu:compileReleaseKotlin UP-TO-DATE
  > Task :expo-modules-core:generateReleaseLintVitalModel UP-TO-DATE
  > Task :expo-modules-core:bundleReleaseAar UP-TO-DATE
  > Task :expo-modules-core:mapReleaseSourceSetPaths UP-TO-DATE
  > Task :expo-dev-menu:compileReleaseJavaWithJavac UP-TO-DATE
  > Task :expo-dev-menu:bundleLibCompileToJarRelease UP-TO-DATE
  > Task :expo-dev-menu:bundleLibRuntimeToDirRelease UP-TO-DATE
  > Task :expo-dev-menu:bundleLibRuntimeToJarRelease UP-TO-DATE
  > Task :expo-dev-menu:processReleaseJavaRes UP-TO-DATE
  > Task :expo-dev-menu:createFullJarRelease UP-TO-DATE
  > Task :expo-dev-menu:generateReleaseLintModel UP-TO-DATE
  > Task :expo-dev-menu:extractReleaseAnnotations UP-TO-DATE
  > Task :expo-dev-menu:mergeReleaseGeneratedProguardFiles UP-TO-DATE
  > Task :expo-dev-menu:mergeReleaseConsumerProguardFiles UP-TO-DATE
  > Task :expo-dev-menu:mergeReleaseJavaResource UP-TO-DATE
  > Task :expo-modules-core:mergeReleaseResources UP-TO-DATE
  > Task :expo-dev-menu:syncReleaseLibJars UP-TO-DATE
  > Task :expo-dev-menu:bundleReleaseLocalLintAar UP-TO-DATE
  > Task :expo-dev-launcher:compileReleaseKotlin UP-TO-DATE
  > Task :expo-modules-core:verifyReleaseResources UP-TO-DATE
  > Task :expo-modules-core:assembleRelease UP-TO-DATE
  > Task :expo-dev-menu:generateReleaseLintVitalModel UP-TO-DATE
  > Task :expo-dev-menu:bundleReleaseAar UP-TO-DATE
  > Task :expo-dev-menu:assembleRelease UP-TO-DATE
  > Task :expo-updates-interface:lintVitalAnalyzeRelease
  > Task :expo-json-utils:lintVitalAnalyzeRelease
  > Task :expo-dev-client:lintVitalAnalyzeRelease
  > Task :expo-constants:lintVitalAnalyzeRelease
  > Task :expo-dev-menu-interface:lintVitalAnalyzeRelease
  
> > Task :app:createBundleReleaseJsAndAssets
  Starting Metro Bundler
  
  > Task :expo-manifests:lintVitalAnalyzeRelease
  > Task :react-native-worklets:externalNativeBuildRelease
  > Task :react-native-worklets:generateJsonModelRelease
  > Task :react-native-worklets:prefabReleaseConfigurePackage
  > Task :react-native-worklets:prefabReleasePackage UP-TO-DATE
  > Task :react-native-worklets:mergeReleaseJniLibFolders UP-TO-DATE
  > Task :react-native-worklets:mergeReleaseNativeLibs UP-TO-DATE
  > Task :react-native-worklets:copyReleaseJniLibsProjectOnly UP-TO-DATE
  > Task :react-native-worklets:generateReleaseBuildConfig UP-TO-DATE
  > Task :react-native-worklets:generateReleaseResValues UP-TO-DATE
  > Task :react-native-worklets:generateReleaseResources UP-TO-DATE
  > Task :react-native-worklets:packageReleaseResources UP-TO-DATE
  > Task :react-native-worklets:parseReleaseLocalResources UP-TO-DATE
  > Task :react-native-worklets:generateReleaseRFile UP-TO-DATE
  > Task :react-native-worklets:javaPreCompileRelease UP-TO-DATE
  > Task :react-native-worklets:compileReleaseJavaWithJavac UP-TO-DATE
  > Task :react-native-worklets:bundleLibCompileToJarRelease UP-TO-DATE
  > Task :react-native-worklets:bundleLibRuntimeToDirRelease UP-TO-DATE
  > Task :react-native-worklets:writeReleaseAarMetadata UP-TO-DATE
  > Task :react-native-worklets:extractDeepLinksRelease UP-TO-DATE
  > Task :react-native-worklets:processReleaseManifest UP-TO-DATE
  > Task :react-native-worklets:compileReleaseLibraryResources UP-TO-DATE
  > Task :react-native-worklets:prepareReleaseArtProfile UP-TO-DATE
  > Task :react-native-worklets:bundleLibRuntimeToJarRelease UP-TO-DATE
  > Task :react-native-worklets:mergeReleaseShaders UP-TO-DATE
  > Task :react-native-worklets:compileReleaseShaders NO-SOURCE
  > Task :react-native-worklets:generateReleaseAssets UP-TO-DATE
  > Task :react-native-worklets:mergeReleaseAssets UP-TO-DATE
  > Task :react-native-worklets:processReleaseJavaRes NO-SOURCE
  > Task :react-native-worklets:createFullJarRelease UP-TO-DATE
  > Task :react-native-worklets:extractProguardFiles UP-TO-DATE
  > Task :react-native-worklets:generateReleaseLintModel UP-TO-DATE
  > Task :react-native-worklets:prepareLintJarForPublish UP-TO-DATE
  > Task :react-native-worklets:stripReleaseDebugSymbols UP-TO-DATE
  > Task :react-native-worklets:copyReleaseJniLibsProjectAndLocalJars UP-TO-DATE
  > Task :react-native-worklets:extractDeepLinksForAarRelease UP-TO-DATE
  > Task :react-native-worklets:extractReleaseAnnotations UP-TO-DATE
  > Task :react-native-worklets:mergeReleaseGeneratedProguardFiles UP-TO-DATE
  > Task :react-native-worklets:mergeReleaseConsumerProguardFiles UP-TO-DATE
  > Task :react-native-reanimated:configureCMakeRelWithDebInfo[arm64-v8a]
  > Task :react-native-worklets:mergeReleaseJavaResource UP-TO-DATE
  > Task :react-native-worklets:syncReleaseLibJars UP-TO-DATE
  > Task :react-native-worklets:bundleReleaseLocalLintAar UP-TO-DATE
  > Task :react-native-worklets:writeReleaseLintModelMetadata UP-TO-DATE
  > Task :react-native-reanimated:configureCMakeRelWithDebInfo[armeabi-v7a]
  > Task :react-native-worklets:generateReleaseLintVitalModel UP-TO-DATE
  > Task :react-native-worklets:bundleReleaseAar UP-TO-DATE
  > Task :react-native-worklets:mapReleaseSourceSetPaths UP-TO-DATE
  > Task :react-native-reanimated:configureCMakeRelWithDebInfo[x86]
  > Task :react-native-reanimated:configureCMakeRelWithDebInfo[x86_64]
  > Task :react-native-reanimated:generateJsonModelRelease
  > Task :react-native-reanimated:prefabReleaseConfigurePackage UP-TO-DATE
  > Task :react-native-worklets:mergeReleaseResources UP-TO-DATE
  > Task :react-native-worklets:verifyReleaseResources UP-TO-DATE
  > Task :react-native-worklets:assembleRelease UP-TO-DATE
  > Task :react-native-worklets:lintVitalAnalyzeRelease
  > Task :expo-dev-launcher:compileReleaseJavaWithJavac
  > Task :expo-dev-launcher:bundleLibRuntimeToJarRelease
  > Task :expo-dev-launcher:bundleLibCompileToJarRelease
  > Task :expo-dev-launcher:processReleaseJavaRes
  > Task :expo-dev-launcher:createFullJarRelease
  
> > Task :app:createBundleReleaseJsAndAssets
  warning: Bundler cache is empty, rebuilding (this may take a minute)
  
  > Task :react-native-reanimated:compileReleaseJavaWithJavac
  Note: Some input files use or override a deprecated API.
  Note: Recompile with -Xlint:deprecation for details.
  Note: Some input files use unchecked or unsafe operations.
  Note: Recompile with -Xlint:unchecked for details.
  
  > Task :expo-dev-launcher:bundleLibRuntimeToDirRelease
  > Task :expo-dev-launcher:generateReleaseLintModel
  > Task :expo-dev-launcher:extractReleaseAnnotations
  > Task :expo-dev-launcher:mergeReleaseGeneratedProguardFiles
  > Task :expo-dev-launcher:mergeReleaseConsumerProguardFiles
  > Task :expo-dev-launcher:mergeReleaseJavaResource
  > Task :react-native-reanimated:buildCMakeRelWithDebInfo[arm64-v8a][reanimated]
  > Task :expo-dev-launcher:syncReleaseLibJars
  > Task :expo-dev-launcher:bundleReleaseLocalLintAar
  > Task :expo-dev-launcher:generateReleaseLintVitalModel
  > Task :expo-dev-launcher:bundleReleaseAar
  > Task :expo-dev-launcher:assembleRelease
  
  > Task :expo:compileReleaseKotlin
  w: file:///E:/AI/Antigravity/Today-s-Manna-native/node_modules/expo/android/src/main/java/expo/modules/ExpoModu
lesPackage.kt:34:16 This declaration overrides a deprecated member but is not marked as deprecated itself. Add th
e '@Deprecated' annotation or suppress the diagnostic.
  w: file:///E:/AI/Antigravity/Today-s-Manna-native/node_modules/expo/android/src/main/java/expo/modules/ExpoReac
tHostFactory.kt:8:8 'class ReactNativeHost : Any' is deprecated. Deprecated in Java.
  w: file:///E:/AI/Antigravity/Today-s-Manna-native/node_modules/expo/android/src/main/java/expo/modules/ExpoReac
tHostFactory.kt:80:22 'class ReactNativeHost : Any' is deprecated. Deprecated in Java.
  w: file:///E:/AI/Antigravity/Today-s-Manna-native/node_modules/expo/android/src/main/java/expo/modules/ReactAct
ivityDelegateWrapper.kt:24:8 'class ReactNativeHost : Any' is deprecated. Deprecated in Java.
  w: file:///E:/AI/Antigravity/Today-s-Manna-native/node_modules/expo/android/src/main/java/expo/modules/ReactAct
ivityDelegateWrapper.kt:58:33 'class ReactNativeHost : Any' is deprecated. Deprecated in Java.
  w: file:///E:/AI/Antigravity/Today-s-Manna-native/node_modules/expo/android/src/main/java/expo/modules/ReactAct
ivityDelegateWrapper.kt:105:16 This declaration overrides a deprecated member but is not marked as deprecated its
elf. Add the '@Deprecated' annotation or suppress the diagnostic.
  w: file:///E:/AI/Antigravity/Today-s-Manna-native/node_modules/expo/android/src/main/java/expo/modules/ReactAct
ivityDelegateWrapper.kt:105:38 'class ReactNativeHost : Any' is deprecated. Deprecated in Java.
  w: file:///E:/AI/Antigravity/Today-s-Manna-native/node_modules/expo/android/src/main/java/expo/modules/ReactAct
ivityDelegateWrapper.kt:113:16 This declaration overrides a deprecated member but is not marked as deprecated its
elf. Add the '@Deprecated' annotation or suppress the diagnostic.
  w: file:///E:/AI/Antigravity/Today-s-Manna-native/node_modules/expo/android/src/main/java/expo/modules/ReactAct
ivityDelegateWrapper.kt:114:21 'val reactInstanceManager: ReactInstanceManager' is deprecated. Deprecated in Java
.
  w: file:///E:/AI/Antigravity/Today-s-Manna-native/node_modules/expo/android/src/main/java/expo/modules/ReactAct
ivityDelegateWrapper.kt:168:36 'constructor(activity: Activity, reactNativeHost: ReactNativeHost?, appKey: String
?, launchOptions: Bundle?, fabricEnabled: Boolean): ReactDelegate' is deprecated. Deprecated since 0.81.0, use on
e of the other constructors instead.
  w: file:///E:/AI/Antigravity/Today-s-Manna-native/node_modules/expo/android/src/main/java/expo/modules/ReactAct
ivityDelegateWrapper.kt:279:77 'val reactInstanceManager: ReactInstanceManager' is deprecated. Deprecated in Java
.
  w: file:///E:/AI/Antigravity/Today-s-Manna-native/node_modules/expo/android/src/main/java/expo/modules/ReactAct
ivityDelegateWrapper.kt:282:22 'val reactInstanceManager: ReactInstanceManager' is deprecated. Deprecated in Java
.
  w: file:///E:/AI/Antigravity/Today-s-Manna-native/node_modules/expo/android/src/main/java/expo/modules/ReactAct
ivityDelegateWrapper.kt:286:54 'val reactInstanceManager: ReactInstanceManager' is deprecated. Deprecated in Java
.
  w: file:///E:/AI/Antigravity/Today-s-Manna-native/node_modules/expo/android/src/main/java/expo/modules/ReactNat
iveHostWrapper.kt:6:8 'class ReactNativeHost : Any' is deprecated. Deprecated in Java.
  w: file:///E:/AI/Antigravity/Today-s-Manna-native/node_modules/expo/android/src/main/java/expo/modules/ReactNat
iveHostWrapper.kt:15:9 'class ReactNativeHost : Any' is deprecated. Deprecated in Java.
  w: file:///E:/AI/Antigravity/Today-s-Manna-native/node_modules/expo/android/src/main/java/expo/modules/ReactNat
iveHostWrapper.kt:47:60 'class ReactNativeHost : Any' is deprecated. Deprecated in Java.
  w: file:///E:/AI/Antigravity/Today-s-Manna-native/node_modules/expo/android/src/main/java/expo/modules/ReactNat
iveHostWrapperBase.kt:7:8 'class ReactNativeHost : Any' is deprecated. Deprecated in Java.
  w: file:///E:/AI/Antigravity/Today-s-Manna-native/node_modules/expo/android/src/main/java/expo/modules/ReactNat
iveHostWrapperBase.kt:16:23 'class ReactNativeHost : Any' is deprecated. Deprecated in Java.
  w: file:///E:/AI/Antigravity/Today-s-Manna-native/node_modules/expo/android/src/main/java/expo/modules/ReactNat
iveHostWrapperBase.kt:89:16 'class ReactNativeHost : Any' is deprecated. Deprecated in Java.
  w: file:///E:/AI/Antigravity/Today-s-Manna-native/node_modules/expo/android/src/main/java/expo/modules/ReactNat
iveHostWrapperBase.kt:101:38 'class ReactNativeHost : Any' is deprecated. Deprecated in Java.
  w: file:///E:/AI/Antigravity/Today-s-Manna-native/node_modules/expo/android/src/main/java/expo/modules/fetch/Ex
poFetchModule.kt:30:39 'constructor(reactContext: ReactContext): ForwardingCookieHandler' is deprecated. Use the 
default constructor.
  w: file:///E:/AI/Antigravity/Today-s-Manna-native/node_modules/expo/android/src/main/java/expo/modules/fetch/Na
tiveResponse.kt:42:16 This declaration overrides a deprecated member but is not marked as deprecated itself. Add 
the '@Deprecated' annotation or suppress the diagnostic.
  w: file:///E:/AI/Antigravity/Today-s-Manna-native/node_modules/expo/android/src/main/java/expo/modules/fetch/Na
tiveResponse.kt:44:11 'fun deallocate(): Unit' is deprecated. Use sharedObjectDidRelease() instead.
  
  > Task :expo-dev-menu:lintVitalAnalyzeRelease
  > Task :expo:compileReleaseJavaWithJavac
  > Task :expo:processReleaseJavaRes
  > Task :expo:bundleLibCompileToJarRelease
  > Task :expo:bundleLibRuntimeToJarRelease
  > Task :expo:generateReleaseLintModel
  > Task :expo:createFullJarRelease
  > Task :expo:extractReleaseAnnotations
  > Task :expo:mergeReleaseGeneratedProguardFiles
  > Task :expo:mergeReleaseConsumerProguardFiles
  > Task :expo:mergeReleaseJavaResource
  > Task :expo:syncReleaseLibJars
  > Task :expo:bundleReleaseLocalLintAar
  > Task :expo:generateReleaseLintVitalModel
  > Task :expo:bundleReleaseAar
  > Task :expo:assembleRelease
  > Task :expo:bundleLibRuntimeToDirRelease
  > Task :expo-dev-launcher:lintVitalAnalyzeRelease
  > Task :expo-modules-core:lintVitalAnalyzeRelease
  > Task :expo:lintVitalAnalyzeRelease
  > Task :react-native-reanimated:buildCMakeRelWithDebInfo[armeabi-v7a][reanimated]
  
> > Task :app:createBundleReleaseJsAndAssets
  Android .\index.ts ?뼇?뼇?뼇?뼇?뼇?뼇?뼇?뼇?뼇?뼇?뼇?뼇?뼇?뼇?뼇?뼇  0.0% (0/1)
  Android .\index.ts ?뼋?뼋?뼇?뼇?뼇?뼇?뼇?뼇?뼇?뼇?뼇?뼇?뼇?뼇?뼇?뼇 13.2% ( 4/11)
  Android .\index.ts ?뼋?뼋?뼋?뼋?뼋?뼋?뼇?뼇?뼇?뼇?뼇?뼇?뼇?뼇?뼇?뼇 38.2% (249/403)
  Android .\index.ts ?뼋?뼋?뼋?뼋?뼋?뼋?뼋?뼋?뼋?뼇?뼇?뼇?뼇?뼇?뼇?뼇 58.3% (606/798)
  Android .\index.ts ?뼋?뼋?뼋?뼋?뼋?뼋?뼋?뼋?뼋?뼋?뼋?뼇?뼇?뼇?뼇?뼇 73.6% ( 895/1048)
  Android .\index.ts ?뼋?뼋?뼋?뼋?뼋?뼋?뼋?뼋?뼋?뼋?뼋?뼋?뼋?뼋?뼋?뼇 99.9% (1370/1371)
  
  > Task :react-native-reanimated:buildCMakeRelWithDebInfo[x86][reanimated]
  
> > Task :app:createBundleReleaseJsAndAssets
  Android .\index.ts ?뼋?뼋?뼋?뼋?뼋?뼋?뼋?뼋?뼋?뼋?뼋?뼋?뼋?뼋?뼋?뼇 99.9% (1371/1371)
  Android .\index.ts ?뼋?뼋?뼋?뼋?뼋?뼋?뼋?뼋?뼋?뼋?뼋?뼋?뼋?뼋?뼋?뼇 99.9% (2585/3041)
  Android .\index.ts ?뼋?뼋?뼋?뼋?뼋?뼋?뼋?뼋?뼋?뼋?뼋?뼋?뼋?뼋?뼋?뼇 99.9% (3155/3155)
  Android Bundled 72067ms index.ts (3155 modules)
  Writing bundle output to: android\app\build\generated\assets\createBundleReleaseJsAndAssets\index.android.bundl
e
  Writing sourcemap output to: android\app\build\intermediates\sourcemaps\react\release\index.android.bundle.pack
ager.map
  Done writing bundle output
  Done writing sourcemap output
  Copying 29 asset files
  지정된 경로를 찾을 수 없습니다.
  
> > Task :app:createBundleReleaseJsAndAssets FAILED
  
  
  [Incubating] Problems report is available at: file:///E:/AI/Antigravity/Today-s-Manna-native/android/build/repo
rts/problems/problems-report.html
  FAILURE: Build failed with an exception.
  
  * What went wrong:
> Execution failed for task ':app:createBundleReleaseJsAndAssets'.
  > Process 'command 'cmd'' finished with non-zero exit value 1
  
  * Try:
  > Run with --info or --debug option to get more log output.
  > Run with --scan to get full insights.
  > Get more help at https://help.gradle.org.
  
  * Exception is:
> org.gradle.api.tasks.TaskExecutionException: Execution failed for task ':app:createBundleReleaseJsAndAssets'.
  	at org.gradle.api.internal.tasks.execution.ExecuteActionsTaskExecuter.lambda$executeIfValid$1(ExecuteActionsTa
sk
  Executer.java:130)
  	at org.gradle.internal.Try$Failure.ifSuccessfulOrElse(Try.java:293)
  	at org.gradle.api.internal.tasks.execution.ExecuteActionsTaskExecuter.executeIfValid(ExecuteActionsTaskExecute
r.
  java:128)
  	at org.gradle.api.internal.tasks.execution.ExecuteActionsTaskExecuter.execute(ExecuteActionsTaskExecuter.java:
11
  6)
  	at org.gradle.api.internal.tasks.execution.ProblemsTaskPathTrackingTaskExecuter.execute(ProblemsTaskPathTracki
ng
  TaskExecuter.java:41)
  	at org.gradle.api.internal.tasks.execution.FinalizePropertiesTaskExecuter.execute(FinalizePropertiesTaskExecut
er
  .java:46)
  	at org.gradle.api.internal.tasks.execution.ResolveTaskExecutionModeExecuter.execute(ResolveTaskExecutionModeEx
ec
  uter.java:51)
  	at org.gradle.api.internal.tasks.execution.SkipTaskWithNoActionsExecuter.execute(SkipTaskWithNoActionsExecuter
.j
  ava:57)
  	at org.gradle.api.internal.tasks.execution.SkipOnlyIfTaskExecuter.execute(SkipOnlyIfTaskExecuter.java:74)
  	at org.gradle.api.internal.tasks.execution.CatchExceptionTaskExecuter.execute(CatchExceptionTaskExecuter.java:
36
  )
  	at org.gradle.api.internal.tasks.execution.EventFiringTaskExecuter$1.executeTask(EventFiringTaskExecuter.java:
77
  )
  	at org.gradle.api.internal.tasks.execution.EventFiringTaskExecuter$1.call(EventFiringTaskExecuter.java:55)
  	at org.gradle.api.internal.tasks.execution.EventFiringTaskExecuter$1.call(EventFiringTaskExecuter.java:52)
  	at org.gradle.internal.operations.DefaultBuildOperationRunner$CallableBuildOperationWorker.execute(DefaultBuil
dO
  perationRunner.java:210)
  	at org.gradle.internal.operations.DefaultBuildOperationRunner$CallableBuildOperationWorker.execute(DefaultBuil
dO
  perationRunner.java:205)
  	at org.gradle.internal.operations.DefaultBuildOperationRunner$2.execute(DefaultBuildOperationRunner.java:67)
  	at org.gradle.internal.operations.DefaultBuildOperationRunner$2.execute(DefaultBuildOperationRunner.java:60)
  	at org.gradle.internal.operations.DefaultBuildOperationRunner.execute(DefaultBuildOperationRunner.java:167)
  	at org.gradle.internal.operations.DefaultBuildOperationRunner.execute(DefaultBuildOperationRunner.java:60)
  	at org.gradle.internal.operations.DefaultBuildOperationRunner.call(DefaultBuildOperationRunner.java:54)
  	at org.gradle.api.internal.tasks.execution.EventFiringTaskExecuter.execute(EventFiringTaskExecuter.java:52)
  	at org.gradle.execution.plan.LocalTaskNodeExecutor.execute(LocalTaskNodeExecutor.java:42)
  	at org.gradle.execution.taskgraph.DefaultTaskExecutionGraph$InvokeNodeExecutorsAction.execute(DefaultTaskExecu
ti
  onGraph.java:331)
  	at org.gradle.execution.taskgraph.DefaultTaskExecutionGraph$InvokeNodeExecutorsAction.execute(DefaultTaskExecu
ti
  onGraph.java:318)
  	at org.gradle.execution.taskgraph.DefaultTaskExecutionGraph$BuildOperationAwareExecutionAction.lambda$execute$
0(
  DefaultTaskExecutionGraph.java:314)
  	at org.gradle.internal.operations.CurrentBuildOperationRef.with(CurrentBuildOperationRef.java:85)
  	at org.gradle.execution.taskgraph.DefaultTaskExecutionGraph$BuildOperationAwareExecutionAction.execute(Default
Ta
  skExecutionGraph.java:314)
  	at org.gradle.execution.taskgraph.DefaultTaskExecutionGraph$BuildOperationAwareExecutionAction.execute(Default
Ta
  skExecutionGraph.java:303)
  	at org.gradle.execution.plan.DefaultPlanExecutor$ExecutorWorker.execute(DefaultPlanExecutor.java:459)
  	at org.gradle.execution.plan.DefaultPlanExecutor$ExecutorWorker.run(DefaultPlanExecutor.java:376)
  	at org.gradle.internal.concurrent.ExecutorPolicy$CatchAndRecordFailures.onExecute(ExecutorPolicy.java:64)
  	at org.gradle.internal.concurrent.AbstractManagedExecutor$1.run(AbstractManagedExecutor.java:48)
  Caused by: org.gradle.process.internal.ExecException: Process 'command 'cmd'' finished with non-zero exit value
 1
  	at org.gradle.process.internal.DefaultExecHandle$ExecResultImpl.assertNormalExitValue(DefaultExecHandle.java:4
42


